             VMA              LMA     Size Align Out     In      Symbol
            7c00             7c00      200    16 .boot
            7c00             7c00      200    16         asm/boot.o:(.text)
            7c00             7c00        0     1                 _boot
            7c19             7c19        0     1                 boot_pm
            7c1e             7c1e        0     1                 boot_lm
            7c23             7c23        0     1                 loop_end
            7c25             7c25        0     1                 print_string
            7c28             7c28        0     1                 loop
            7c34             7c34        0     1                 endloop
            7c36             7c36        0     1                 print_string_pm
            7c3c             7c3c        0     1                 print_string_pm_loop
            7c4f             7c4f        0     1                 print_string_pm_done
            7c51             7c51        0     1                 gdt_start
            7c51             7c51        0     1                 gdt_null
            7c59             7c59        0     1                 gdt_code
            7c61             7c61        0     1                 gdt_data
            7c69             7c69        0     1                 gdt_end
            7c69             7c69        0     1                 gdt_desc
            7c6f             7c6f        0     1                 GDT64
            7c8f             7c8f        0     1                 GDT64.Pointer
            7c99             7c99        0     1                 load_second_stage
            7cc1             7cc1        0     1                 load_second_error
            7cc8             7cc8        0     1                 enter_protected
            7cdd             7cdd        0     1                 init_protected
            7cfe             7cfe        0     1                 enter_long
            7d4b             7d4b        0     1                 set_entry
            7d88             7d88        0     1                 init_long
            7d8d             7d8d        0     1                 MSG_SECOND_STAGE_LOADED
            7d92             7d92        0     1                 MSG_PM
            7e00             7e00       82    16 .scoletite_os
            7e00             7e00        0     4         target/scoletite_os.o:(.text)
            7e00             7e00        2    16         target/scoletite_os.o:(.text.rust_begin_unwind)
            7e00             7e00        2     1                 rust_begin_unwind
            7e10             7e10       72    16         target/scoletite_os.o:(.text._start)
            7e10             7e10       72     1                 _start
            7e82             7e82        0     1 SECOND_STAGE_LENGTH = 15
               0                0       2d     1 .comment
               0                0       2d     1         <internal>:(.comment)
               0                0      4b0     8 .symtab
               0                0      4b0     8         <internal>:(.symtab)
               0                0       38     1 .shstrtab
               0                0       38     1         <internal>:(.shstrtab)
               0                0      226     1 .strtab
               0                0      226     1         <internal>:(.strtab)
