             VMA              LMA     Size Align Out     In      Symbol
            7c00             7c00      200    16 .boot
            7c00             7c00      200    16         asm/boot.o:(.text)
            7c00             7c00        0     1                 _boot
            7c25             7c25        0     1                 boot_pm
            7c2a             7c2a        0     1                 boot_lm
            7c2f             7c2f        0     1                 loop_end
            7c31             7c31        0     1                 print_string
            7c34             7c34        0     1                 loop
            7c40             7c40        0     1                 endloop
            7c42             7c42        0     1                 print_string_pm
            7c48             7c48        0     1                 print_string_pm_loop
            7c5b             7c5b        0     1                 print_string_pm_done
            7c5d             7c5d        0     1                 gdt_start
            7c5d             7c5d        0     1                 gdt_null
            7c65             7c65        0     1                 gdt_code
            7c6d             7c6d        0     1                 gdt_data
            7c75             7c75        0     1                 gdt_end
            7c75             7c75        0     1                 gdt_desc
            7c7b             7c7b        0     1                 GDT64
            7c9b             7c9b        0     1                 GDT64.Pointer
            7ca5             7ca5        0     1                 load_second_stage
            7cc3             7cc3        0     1                 enter_protected
            7cd8             7cd8        0     1                 init_protected
            7cf9             7cf9        0     1                 enter_long
            7d46             7d46        0     1                 set_entry
            7d83             7d83        0     1                 init_long
            7d88             7d88        0     1                 MSG_RM
            7da2             7da2        0     1                 MSG_SECOND_STAGE_LOADED
            7db8             7db8        0     1                 MSG_PM
            7e00             7e00       82    16 .scoletite_os
            7e00             7e00        0     4         target/scoletite_os.o:(.text)
            7e00             7e00        2    16         target/scoletite_os.o:(.text.rust_begin_unwind)
            7e00             7e00        2     1                 rust_begin_unwind
            7e10             7e10       72    16         target/scoletite_os.o:(.text._start)
            7e10             7e10       72     1                 _start
            7e82             7e82        0     1 SECOND_STAGE_LENGTH = ( ( . - ADDR ( .scoletite_os ) ) >> 9 ) + 1
               0                0       2d     1 .comment
               0                0       2d     1         <internal>:(.comment)
               0                0      4b0     8 .symtab
               0                0      4b0     8         <internal>:(.symtab)
               0                0       38     1 .shstrtab
               0                0       38     1         <internal>:(.shstrtab)
               0                0      21b     1 .strtab
               0                0      21b     1         <internal>:(.strtab)
